Archive member included because of file (symbol)

build/libv5lvgl.a(v5lvgl.o)   build/demo/demo.o (v5_lv_init)
build/libv5lvgl.a(lv_obj_pos.o)
                              build/demo/demo.o (lv_obj_align)
build/libv5lvgl.a(lv_obj_style_gen.o)
                              build/libv5lvgl.a(lv_obj_pos.o) (lv_obj_set_style_align)
build/libv5lvgl.a(lv_obj.o)   build/libv5lvgl.a(v5lvgl.o) (lv_init)
build/libv5lvgl.a(lv_obj_scroll.o)
                              build/libv5lvgl.a(lv_obj.o) (lv_obj_get_scroll_dir)
build/libv5lvgl.a(lv_obj_tree.o)
                              build/libv5lvgl.a(lv_obj_pos.o) (lv_obj_get_child_cnt)
build/libv5lvgl.a(lv_obj_style.o)
                              build/libv5lvgl.a(lv_obj.o) (_lv_obj_style_create_transition)
build/libv5lvgl.a(lv_group.o)
                              build/libv5lvgl.a(lv_obj.o) (_lv_group_init)
build/libv5lvgl.a(lv_event.o)
                              build/libv5lvgl.a(lv_obj.o) (_lv_event_mark_deleted)
build/libv5lvgl.a(lv_refr.o)  build/libv5lvgl.a(lv_obj_pos.o) (_lv_inv_area)
build/libv5lvgl.a(lv_obj_draw.o)
                              build/libv5lvgl.a(lv_obj_pos.o) (_lv_obj_get_ext_draw_size)
build/libv5lvgl.a(lv_indev.o)
                              build/libv5lvgl.a(lv_obj.o) (lv_indev_get_act)
build/libv5lvgl.a(lv_obj_class.o)
                              build/libv5lvgl.a(lv_obj_tree.o) (_lv_obj_destruct)
build/libv5lvgl.a(lv_disp.o)  build/libv5lvgl.a(lv_obj_pos.o) (lv_disp_get_layer_sys)
build/libv5lvgl.a(lv_draw_img.o)
                              build/libv5lvgl.a(lv_refr.o) (lv_draw_img)
build/libv5lvgl.a(lv_draw_mask.o)
                              build/libv5lvgl.a(lv_refr.o) (_lv_draw_mask_cleanup)
build/libv5lvgl.a(lv_img_cache.o)
                              build/libv5lvgl.a(lv_draw_img.o) (_lv_img_cache_open)
build/libv5lvgl.a(lv_draw.o)  build/libv5lvgl.a(lv_obj.o) (lv_draw_init)
build/libv5lvgl.a(lv_draw_layer.o)
                              build/libv5lvgl.a(lv_refr.o) (lv_draw_layer_adjust)
build/libv5lvgl.a(lv_draw_rect.o)
                              build/libv5lvgl.a(lv_obj.o) (lv_draw_rect)
build/libv5lvgl.a(lv_draw_label.o)
                              build/libv5lvgl.a(lv_draw_img.o) (lv_draw_label)
build/libv5lvgl.a(lv_img_decoder.o)
                              build/libv5lvgl.a(lv_obj.o) (_lv_img_decoder_init)
build/libv5lvgl.a(lv_draw_line.o)
                              build/libv5lvgl.a(lv_draw_label.o) (lv_draw_line)
build/libv5lvgl.a(lv_img_buf.o)
                              build/libv5lvgl.a(lv_draw_img.o) (_lv_img_buf_get_transformed_area)
build/libv5lvgl.a(lv_extra.o)
                              build/libv5lvgl.a(lv_obj.o) (lv_extra_init)
build/libv5lvgl.a(lv_font_montserrat_12.o)
                              build/libv5lvgl.a(lv_draw_rect.o) (lv_font_montserrat_12)
build/libv5lvgl.a(lv_font_fmt_txt.o)
                              build/libv5lvgl.a(lv_refr.o) (_lv_font_clean_up_fmt_txt)
build/libv5lvgl.a(lv_font.o)  build/libv5lvgl.a(lv_draw_label.o) (lv_font_get_glyph_width)
build/libv5lvgl.a(lv_hal_indev.o)
                              build/libv5lvgl.a(lv_indev.o) (_lv_indev_read)
build/libv5lvgl.a(lv_hal_disp.o)
                              build/libv5lvgl.a(v5lvgl.o) (lv_disp_draw_buf_init)
build/libv5lvgl.a(lv_hal_tick.o)
                              build/libv5lvgl.a(lv_refr.o) (lv_tick_elaps)
build/libv5lvgl.a(lv_color.o)
                              build/demo/demo.o (lv_palette_darken)
build/libv5lvgl.a(lv_async.o)
                              build/libv5lvgl.a(lv_obj_tree.o) (lv_async_call)
build/libv5lvgl.a(lv_gc.o)    build/libv5lvgl.a(lv_draw_mask.o) (_lv_circle_cache)
build/libv5lvgl.a(lv_anim.o)  build/libv5lvgl.a(lv_obj.o) (_lv_anim_core_init)
build/libv5lvgl.a(lv_area.o)  build/libv5lvgl.a(lv_obj_pos.o) (_lv_area_intersect)
build/libv5lvgl.a(lv_math.o)  build/libv5lvgl.a(lv_anim.o) (lv_bezier3)
build/libv5lvgl.a(lv_fs.o)    build/libv5lvgl.a(lv_obj.o) (_lv_fs_init)
build/libv5lvgl.a(lv_ll.o)    build/libv5lvgl.a(lv_group.o) (_lv_ll_clear)
build/libv5lvgl.a(lv_style_gen.o)
                              build/demo/demo.o (lv_style_set_bg_color)
build/libv5lvgl.a(lv_mem.o)   build/libv5lvgl.a(lv_obj.o) (lv_mem_alloc)
build/libv5lvgl.a(lv_timer.o)
                              build/libv5lvgl.a(lv_obj.o) (_lv_timer_core_init)
build/libv5lvgl.a(lv_txt.o)   build/libv5lvgl.a(lv_draw_label.o) (_lv_txt_encoded_get_char_id)
build/libv5lvgl.a(lv_style.o)
                              build/libv5lvgl.a(lv_obj_style.o) (_lv_style_get_prop_group)
build/libv5lvgl.a(lv_utils.o)
                              build/libv5lvgl.a(lv_font_fmt_txt.o) (_lv_utils_bsearch)
build/libv5lvgl.a(lv_label.o)
                              build/demo/demo.o (lv_label_create)
build/libv5lvgl.a(lv_btn.o)   build/demo/demo.o (lv_btn_create)
build/libv5lvgl.a(lv_draw_sw.o)
                              build/libv5lvgl.a(lv_hal_disp.o) (lv_draw_sw_init_ctx)
build/libv5lvgl.a(lv_draw_sw_layer.o)
[...]
Memory Configuration

Name             Origin             Length             Attributes
ps7_ddr_0_S_AXI_BASEADDR 0x03800000         0x04800000
*default*        0x00000000         0xffffffff

Linker script and memory map

                0x00002000                _STACK_SIZE = DEFINED (_STACK_SIZE)?_STACK_SIZE:0x2000
                0x00100000                _HEAP_SIZE = DEFINED (_HEAP_SIZE)?_HEAP_SIZE:0x100000
                0x00000400                _ABORT_STACK_SIZE = DEFINED (_ABORT_STACK_SIZE)?_ABORT_STACK_SIZE:0x400
                0x00000800                _SUPERVISOR_STACK_SIZE = DEFINED (_SUPERVISOR_STACK_SIZE)?_SUPERVISOR_STACK_SIZE:0x800
                0x00000400                _IRQ_STACK_SIZE = DEFINED (_IRQ_STACK_SIZE)?_IRQ_STACK_SIZE:0x400
                0x00000400                _FIQ_STACK_SIZE = DEFINED (_FIQ_STACK_SIZE)?_FIQ_STACK_SIZE:0x400
                0x00000400                _UNDEF_STACK_SIZE = DEFINED (_UNDEF_STACK_SIZE)?_UNDEF_STACK_SIZE:0x400

.text           0x03800000    0x46a08
 *(.vectors)
 *(.boot_data)
 .boot_data     0x03800000       0x20 C:\Program Files (x86)\VEX Robotics\VEXcode Pro V5\sdk/vexv5\libv5rt.a(v5_startup.c.obj)
                0x03800000                vexCodeSig
                0x00000020                . = 0x20
 *(.boot)
 .boot          0x03800020       0xbc C:\Program Files (x86)\VEX Robotics\VEXcode Pro V5\sdk/vexv5\libv5rt.a(v5_startup.c.obj)
                0x03800020                vexStartup
                0x03800100                . = ALIGN (0x40)
 *fill*         0x038000dc       0x24 
 *(.freertos_vectors)
 *(.text)
 .text          0x03800100      0x170 build/libv5lvgl.a(v5lvgl.o)
                0x03800100                lvgltask
                0x03800120                v5_lv_init
 .text          0x03800270     0x2860 build/libv5lvgl.a(lv_obj_pos.o)
                0x03800270                lv_obj_set_pos
                0x03800294                lv_obj_set_x
                0x038002ec                lv_obj_set_y
                0x03800344                lv_obj_refr_size
                0x03800cf0                lv_obj_get_width
                0x03800d08                lv_obj_get_content_width
                0x03800d6c                lv_clamp_width
                0x03800e08                lv_obj_get_height
                0x03800e20                lv_obj_get_content_height
                0x03800e84                lv_clamp_height
                0x03800f20                lv_obj_invalidate
                0x03800f78                lv_obj_get_coords
                0x03800f9c                lv_obj_get_content_coords
                0x03801060                lv_obj_set_size
                0x03801084                lv_obj_set_width
                0x038010dc                lv_obj_set_height
                0x03801134                lv_obj_set_content_width
                0x03801190                lv_obj_set_content_height
                0x038011ec                lv_obj_set_layout
                0x03801210                lv_obj_mark_layout_as_dirty
                0x0380124c                lv_obj_is_layout_positioned
                0x038012a0                lv_obj_update_layout
                0x038013bc                lv_layout_register
                0x03801428                lv_obj_set_align
                0x03801430                lv_obj_align
                0x03801468                lv_obj_align_to
                0x03801b94                lv_obj_get_x
                0x03801bf8                lv_obj_get_x2
                0x03801c24                lv_obj_get_y
                0x03801c88                lv_obj_get_y2
                0x03801cb4                lv_obj_get_x_aligned
                0x03801cd0                lv_obj_get_y_aligned
                0x03801cec                lv_obj_get_self_width
                0x03801d1c                lv_obj_get_self_height
                0x03801d48                lv_obj_refresh_self_size
                0x03801da0                lv_obj_refr_pos
                0x038020f4                lv_obj_move_to
                0x038022d0                lv_obj_move_children_by
                0x03802380                lv_obj_transform_point
                0x038025a4                lv_obj_get_transformed_area
                0x038026f8                lv_obj_invalidate_area
                0x03802768                lv_obj_area_is_visible
                0x03802908                lv_obj_is_visible
                0x03802960                lv_obj_set_ext_click_area
                0x03802980                lv_obj_get_click_area
                0x038029dc                lv_obj_hit_test
 .text          0x03802ad0      0x540 build/libv5lvgl.a(lv_obj_style_gen.o)
                0x03802ad0                lv_obj_set_style_width
                0x03802ae0                lv_obj_set_style_min_width
                0x03802af0                lv_obj_set_style_max_width
                0x03802b00                lv_obj_set_style_height
                0x03802b10                lv_obj_set_style_min_height
                0x03802b20                lv_obj_set_style_max_height
                0x03802b30                lv_obj_set_style_x
                0x03802b40                lv_obj_set_style_y
                0x03802b50                lv_obj_set_style_align
                0x03802b60                lv_obj_set_style_transform_width
                0x03802b70                lv_obj_set_style_transform_height
                0x03802b80                lv_obj_set_style_translate_x
                0x03802b90                lv_obj_set_style_translate_y
                0x03802ba0                lv_obj_set_style_transform_zoom
                0x03802bb0                lv_obj_set_style_transform_angle
                0x03802bc0                lv_obj_set_style_transform_pivot_x
                0x03802bd0                lv_obj_set_style_transform_pivot_y
                0x03802be0                lv_obj_set_style_pad_top
                0x03802bf0                lv_obj_set_style_pad_bottom
                0x03802c00                lv_obj_set_style_pad_left
                0x03802c10                lv_obj_set_style_pad_right
                0x03802c20                lv_obj_set_style_pad_row
                0x03802c30                lv_obj_set_style_pad_column
                0x03802c40                lv_obj_set_style_bg_color
                0x03802c50                lv_obj_set_style_bg_opa
                0x03802c60                lv_obj_set_style_bg_grad_color
                0x03802c70                lv_obj_set_style_bg_grad_dir
                0x03802c80                lv_obj_set_style_bg_main_stop
                0x03802c90                lv_obj_set_style_bg_grad_stop
                0x03802ca0                lv_obj_set_style_bg_grad
                0x03802cb0                lv_obj_set_style_bg_dither_mode
                0x03802cc0                lv_obj_set_style_bg_img_src
                0x03802cd0                lv_obj_set_style_bg_img_opa
                0x03802ce0                lv_obj_set_style_bg_img_recolor
                0x03802cf0                lv_obj_set_style_bg_img_recolor_opa
                0x03802d00                lv_obj_set_style_bg_img_tiled
                0x03802d10                lv_obj_set_style_border_color
                0x03802d20                lv_obj_set_style_border_opa
                0x03802d30                lv_obj_set_style_border_width
                0x03802d40                lv_obj_set_style_border_side
                0x03802d50                lv_obj_set_style_border_post
                0x03802d60                lv_obj_set_style_outline_width
                0x03802d70                lv_obj_set_style_outline_color
                0x03802d80                lv_obj_set_style_outline_opa
                0x03802d90                lv_obj_set_style_outline_pad
                0x03802da0                lv_obj_set_style_shadow_width
                0x03802db0                lv_obj_set_style_shadow_ofs_x
                0x03802dc0                lv_obj_set_style_shadow_ofs_y
                0x03802dd0                lv_obj_set_style_shadow_spread
                0x03802de0                lv_obj_set_style_shadow_color
                0x03802df0                lv_obj_set_style_shadow_opa
                0x03802e00                lv_obj_set_style_img_opa
                0x03802e10                lv_obj_set_style_img_recolor
                0x03802e20                lv_obj_set_style_img_recolor_opa
                0x03802e30                lv_obj_set_style_line_width
                0x03802e40                lv_obj_set_style_line_dash_width
                0x03802e50                lv_obj_set_style_line_dash_gap
                0x03802e60                lv_obj_set_style_line_rounded
                0x03802e70                lv_obj_set_style_line_color
                0x03802e80                lv_obj_set_style_line_opa
                0x03802e90                lv_obj_set_style_arc_width
                0x03802ea0                lv_obj_set_style_arc_rounded
                0x03802eb0                lv_obj_set_style_arc_color
                0x03802ec0                lv_obj_set_style_arc_opa
                0x03802ed0                lv_obj_set_style_arc_img_src
                0x03802ee0                lv_obj_set_style_text_color
                0x03802ef0                lv_obj_set_style_text_opa
                0x03802f00                lv_obj_set_style_text_font
                0x03802f10                lv_obj_set_style_text_letter_space
                0x03802f20                lv_obj_set_style_text_line_space
                0x03802f30                lv_obj_set_style_text_decor
                0x03802f40                lv_obj_set_style_text_align
                0x03802f50                lv_obj_set_style_radius
                0x03802f60                lv_obj_set_style_clip_corner
                0x03802f70                lv_obj_set_style_opa
                0x03802f80                lv_obj_set_style_color_filter_dsc
                0x03802f90                lv_obj_set_style_color_filter_opa
                0x03802fa0                lv_obj_set_style_anim
                0x03802fb0                lv_obj_set_style_anim_time
                0x03802fc0                lv_obj_set_style_anim_speed
                0x03802fd0                lv_obj_set_style_transition
                0x03802fe0                lv_obj_set_style_blend_mode
                0x03802ff0                lv_obj_set_style_layout
                0x03803000                lv_obj_set_style_base_dir
 .text          0x03803010     0x15a8 build/libv5lvgl.a(lv_obj.o)
                0x03803d54                lv_is_initialized
                0x03803d64                lv_init
                0x03803dd4                lv_deinit
                0x03803e00                lv_obj_create
                0x03803e28                lv_obj_add_flag
                0x03803ee0                lv_obj_clear_flag
                0x03803f9c                lv_obj_add_state
                0x038043ac                lv_obj_clear_state
                0x038043c0                lv_obj_has_flag
                0x038043d8                lv_obj_has_flag_any
                0x038043e8                lv_obj_get_state
                0x038043f0                lv_obj_has_state
                0x03804400                lv_obj_get_group
                0x03804414                lv_obj_allocate_spec_attr
                0x03804484                lv_obj_check_type
                0x038044a0                lv_obj_has_class
                0x038044c8                lv_obj_get_class
                0x038044d0                lv_obj_is_valid
 .text          0x038045b8     0x1dc8 build/libv5lvgl.a(lv_obj_scroll.o)
                0x038045b8                lv_obj_set_scrollbar_mode
                0x038045fc                lv_obj_set_scroll_dir
                0x03804634                lv_obj_set_scroll_snap_x
                0x03804664                lv_obj_set_scroll_snap_y
                0x03804694                lv_obj_get_scrollbar_mode
                0x038046ac                lv_obj_get_scroll_dir
                0x038046c4                lv_obj_get_scroll_snap_x
                0x038046dc                lv_obj_get_scroll_snap_y
                0x038046f4                lv_obj_get_scroll_x
                0x03804710                lv_obj_get_scroll_y
                0x0380472c                lv_obj_get_scroll_top
                0x03804748                lv_obj_get_scroll_bottom
                0x0380486c                lv_obj_get_scroll_left
                0x038049d8                lv_obj_get_scroll_right
                0x03804b28                lv_obj_get_scroll_end
                0x03804c10                lv_obj_scroll_by_bounded
                0x03804db4                lv_obj_scroll_by
                0x03804fb4                _lv_obj_scroll_by_raw
                0x03805030                lv_obj_scroll_to
                0x03805060                lv_obj_scroll_to_x
                0x038050b0                lv_obj_scroll_to_y
                0x03805100                lv_obj_scroll_to_view
                0x03805618                lv_obj_scroll_to_view_recursive
                0x03805684                lv_obj_is_scrolling
                0x038056dc                lv_obj_update_snap
                0x0380571c                lv_obj_get_scrollbar_area
                0x038061f0                lv_obj_scrollbar_invalidate
                0x03806270                lv_obj_readjust_scroll
 .text          0x03806380      0x93c build/libv5lvgl.a(lv_obj_tree.o)
                0x03806380                lv_obj_del
                0x03806420                lv_obj_get_parent
                0x03806430                lv_obj_get_disp
                0x03806684                lv_obj_clean
                0x038066e8                lv_obj_get_child
                0x0380671c                lv_obj_del_delayed
                0x03806774                lv_obj_del_anim_ready_cb
                0x0380677c                lv_obj_del_async
                0x03806790                lv_obj_set_parent
                0x038068d8                lv_obj_get_index
                0x03806960                lv_obj_get_child_cnt
                0x03806974                lv_obj_move_to_index
                0x03806aa8                lv_obj_swap
                0x03806b88                lv_obj_get_screen
                0x03806ba4                lv_obj_tree_walk
 .text          0x03806cbc     0x18dc build/libv5lvgl.a(lv_obj_style.o)
                0x03806cbc                _lv_obj_style_init
                0x03806ccc                lv_obj_add_style
                0x03806ee4                lv_obj_refresh_style
                0x03807114                lv_obj_remove_style
                0x038072f4                lv_obj_style_get_selector_state
                0x038072fc                lv_obj_style_get_selector_part
                0x03807304                lv_obj_report_style_change
                0x0380747c                lv_obj_enable_style_refresh
                0x0380748c                lv_obj_get_style_prop
                0x038076f4                lv_obj_set_local_style_prop
                0x03807864                lv_obj_set_local_style_prop_meta
                0x038078a4                lv_obj_get_local_style_prop
                0x03807900                lv_obj_remove_local_style_prop
                0x03807998                _lv_obj_style_create_transition
                0x03808044                _lv_obj_style_apply_color_filter
                0x038080b4                _lv_obj_style_state_compare
                0x0380845c                lv_obj_fade_in
                0x038084e8                lv_obj_fade_out
                0x0380855c                lv_obj_calculate_style_text_align
 .text          0x03808598      0xb08 build/libv5lvgl.a(lv_group.o)
                0x03808598                _lv_group_init
                0x038085a8                lv_group_create
                0x03808600                lv_group_del
                0x03808794                lv_group_set_default
                0x038087a4                lv_group_get_default
                0x038087b4                lv_group_add_obj
                0x0380888c                lv_group_remove_obj
                0x03808a50                lv_group_swap_obj
                0x03808b00                lv_group_focus_obj
                0x03808c10                lv_group_remove_all_objs
                0x03808ca0                lv_group_set_editing
                0x03808d08                lv_group_focus_next
                0x03808f34                lv_group_focus_prev
                0x03808f7c                lv_group_focus_freeze
                0x03808f94                lv_group_send_data
                0x03808ffc                lv_group_get_focused
                0x03809018                lv_group_set_focus_cb
                0x03809020                lv_group_set_edge_cb
                0x03809028                lv_group_set_refocus_policy
                0x03809040                lv_group_set_wrap
                0x03809054                lv_group_get_focus_cb
                0x03809064                lv_group_get_edge_cb
                0x03809074                lv_group_get_editing
                0x03809088                lv_group_get_wrap
                0x0380909c                lv_group_get_obj_count
 .text          0x038090a0      0x9c0 build/libv5lvgl.a(lv_event.o)
                0x038090a0                lv_event_send
                0x038093cc                lv_obj_event_base
                0x0380942c                lv_event_get_target
                0x03809434                lv_event_get_current_target
                0x0380943c                lv_event_get_code
                0x03809448                lv_event_get_param
                0x03809450                lv_event_get_user_data
                0x03809458                lv_event_stop_bubbling
                0x03809468                lv_event_stop_processing
                0x03809478                lv_event_register_id
                0x03809490                _lv_event_mark_deleted
                0x038094cc                lv_obj_add_event_cb
                0x03809590                lv_obj_remove_event_cb
                0x03809698                lv_obj_remove_event_cb_with_user_data
                0x038097bc                lv_obj_remove_event_dsc
                0x038098d0                lv_obj_get_event_user_data
                0x03809920                lv_event_get_indev
                0x03809940                lv_event_get_draw_part_dsc
                0x0380995c                lv_event_get_draw_ctx
                0x0380997c                lv_event_get_old_size
                0x03809994                lv_event_get_key
                0x038099b8                lv_event_get_scroll_anim
                0x038099d0                lv_event_set_ext_draw_size
                0x038099f4                lv_event_get_self_size_info
                0x03809a0c                lv_event_get_hit_test_info
                0x03809a24                lv_event_get_cover_area
                0x03809a40                lv_event_set_cover_res
 .text          0x03809a60     0x1ab0 build/libv5lvgl.a(lv_refr.o)
                0x03809a60                _lv_refr_init
                0x03809a64                lv_refr_now
                0x03809ac8                _lv_disp_refr_timer
                0x0380a17c                lv_obj_redraw
                0x0380a7d8                _lv_inv_area
                0x0380a988                _lv_refr_get_disp_refreshing
                0x0380a998                _lv_refr_set_disp_refreshing
 .text          0x0380b510      0xbe8 build/libv5lvgl.a(lv_obj_draw.o)
                0x0380b510                lv_obj_init_draw_rect_dsc
                0x0380b9a8                lv_obj_init_draw_label_dsc
                0x0380badc                lv_obj_init_draw_img_dsc
                0x0380bc0c                lv_obj_init_draw_line_dsc
                0x0380bd4c                lv_obj_init_draw_arc_dsc
                0x0380be6c                lv_obj_calculate_ext_draw_size
                0x0380bfec                lv_obj_draw_dsc_init
                0x0380c00c                lv_obj_draw_part_check_type
                0x0380c034                lv_obj_refresh_ext_draw_size
                0x0380c0c8                _lv_obj_get_ext_draw_size
                0x0380c0e0                _lv_obj_get_layer_type
 .text          0x0380c0f8     0x1724 build/libv5lvgl.a(lv_indev.o)
                0x0380c0f8                lv_indev_read_timer_cb
                0x0380cc34                lv_indev_enable
                0x0380cc90                lv_indev_get_act
                0x0380cca0                lv_indev_get_type
                0x0380ccb4                lv_indev_reset
                0x0380cde8                lv_indev_reset_long_press
                0x0380ce14                lv_indev_set_cursor
                0x0380ce78                lv_indev_set_group
                0x0380ce90                lv_indev_set_button_points
                0x0380cea4                lv_indev_get_point
                0x0380cef0                lv_indev_get_gesture_dir
                0x0380cefc                lv_indev_get_key
                0x0380cf18                lv_indev_get_scroll_dir
                0x0380cf44                lv_indev_get_scroll_obj
                0x0380cf6c                lv_indev_get_vect
                0x0380cfa4                lv_indev_wait_release
                0x0380cfb8                lv_indev_get_obj_act
                0x0380cfc8                lv_indev_get_read_timer
                0x0380cfd8                lv_indev_search_obj
 .text          0x0380d81c      0x340 build/libv5lvgl.a(lv_obj_class.o)
                0x0380d81c                lv_obj_class_create_obj
                0x0380d9a4                lv_obj_class_init_obj
                0x0380dab4                lv_obj_is_group_def
                0x0380dae8                _lv_obj_destruct
                0x0380db28                lv_obj_is_editable
 .text          0x0380db5c      0xaa4 build/libv5lvgl.a(lv_disp.o)
                0x0380db5c                lv_disp_get_scr_act
                0x0380db88                lv_disp_get_scr_prev
                0x0380dbb4                lv_disp_load_scr
                0x0380dbe0                lv_scr_load_anim
                0x0380e07c                lv_disp_get_layer_top
                0x0380e0a8                lv_disp_get_layer_sys
                0x0380e0d4                lv_disp_set_theme
                0x0380e15c                lv_disp_get_theme
                0x0380e17c                lv_disp_set_bg_color
                0x0380e1fc                lv_disp_set_bg_image
                0x0380e27c                lv_disp_set_bg_opa
                0x0380e494                lv_disp_get_inactive_time
                0x0380e4f8                lv_disp_trig_activity
                0x0380e528                lv_disp_clean_dcache
                0x0380e560                lv_disp_enable_invalidation
                0x0380e59c                lv_disp_is_invalidation_enabled
                0x0380e5d4                _lv_disp_get_refr_timer
 .text          0x0380e600      0x55c build/libv5lvgl.a(lv_draw_img.o)
                0x0380e600                lv_draw_img_dsc_init
                0x0380e63c                lv_draw_img
                0x0380ea58                lv_img_cf_get_px_size
                0x0380eac4                lv_img_cf_is_chroma_keyed
                0x0380eadc                lv_img_cf_has_alpha
                0x0380eafc                lv_img_src_get_type
                0x0380eb30                lv_draw_img_decoded
 .text          0x0380eb5c     0x23b0 build/libv5lvgl.a(lv_draw_mask.o)
                0x0380eb5c                lv_draw_mask_add
                0x0380eba4                lv_draw_mask_apply
                0x0380ec38                lv_draw_mask_apply_ids
                0x0380ecf8                lv_draw_mask_remove_id
                0x0380ed20                lv_draw_mask_remove_custom
                0x0380ed6c                lv_draw_mask_free_param
                0x0380edd4                _lv_draw_mask_cleanup
                0x0380ee14                lv_draw_mask_get_cnt
                0x0380ee44                lv_draw_mask_is_any
                0x0380eee0                lv_draw_mask_line_points_init
                0x0380f788                lv_draw_mask_line_angle_init
                0x0380f7f0                lv_draw_mask_angle_init
                0x0380fcc8                lv_draw_mask_radius_init
                0x0381073c                lv_draw_mask_fade_init
                0x03810940                lv_draw_mask_map_init
                0x03810a60                lv_draw_mask_polygon_init
 .text          0x03810f0c       0xa8 build/libv5lvgl.a(lv_img_cache.o)
                0x03810f0c                _lv_img_cache_open
                0x03810fac                lv_img_cache_set_size
                0x03810fb0                lv_img_cache_invalidate_src
 .text          0x03810fb4       0x14 build/libv5lvgl.a(lv_draw.o)
                0x03810fb4                lv_draw_init
                0x03810fb8                lv_draw_wait_for_finish
 .text          0x03810fc8      0x150 build/libv5lvgl.a(lv_draw_layer.o)
                0x03810fc8                lv_draw_layer_create
                0x03811088                lv_draw_layer_adjust
                0x03811098                lv_draw_layer_blend
                0x038110a8                lv_draw_layer_destroy
 .text          0x03811118       0xb8 build/libv5lvgl.a(lv_draw_rect.o)
                0x03811118                lv_draw_rect_dsc_init
                0x0381118c                lv_draw_rect
 .text          0x038111d0      0x914 build/libv5lvgl.a(lv_draw_label.o)
                0x038111d0                lv_draw_label_dsc_init
                0x03811230                lv_draw_label
                0x03811adc                lv_draw_letter
 .text          0x03811ae4      0xc3c build/libv5lvgl.a(lv_img_decoder.o)
                0x03811ae4                _lv_img_decoder_init
                0x03811b3c                lv_img_decoder_create
                0x03811b70                lv_img_decoder_set_info_cb
                0x03811b78                lv_img_decoder_built_in_info
                0x03811c9c                lv_img_decoder_set_open_cb
                0x03811ca4                lv_img_decoder_built_in_open
                0x03811f64                lv_img_decoder_set_read_line_cb
                0x03811f6c                lv_img_decoder_built_in_read_line
                0x038123d0                lv_img_decoder_set_close_cb
                0x038123d8                lv_img_decoder_built_in_close
                0x03812438                lv_img_decoder_get_info
                0x038124ec                lv_img_decoder_open
                0x03812660                lv_img_decoder_read_line
                0x038126ac                lv_img_decoder_close
                0x038126f8                lv_img_decoder_delete
 .text          0x03812720       0x54 build/libv5lvgl.a(lv_draw_line.o)
                0x03812720                lv_draw_line_dsc_init
                0x03812750                lv_draw_line
 .text          0x03812774      0x9cc build/libv5lvgl.a(lv_img_buf.o)
                0x03812774                lv_img_buf_get_px_color
                0x03812910                lv_img_buf_get_px_alpha
                0x03812a38                lv_img_buf_set_px_alpha
                0x03812b6c                lv_img_buf_set_px_color
                0x03812d48                lv_img_buf_set_palette
                0x03812dcc                lv_img_buf_alloc
                0x03812e74                lv_img_buf_get_img_size
                0x03812fa8                lv_img_buf_free
                0x03812fd8                _lv_img_buf_get_transformed_area
 .text          0x03813140       0x14 build/libv5lvgl.a(lv_extra.o)
                0x03813140                lv_extra_init
 .text          0x03813154      0x424 build/libv5lvgl.a(lv_font_fmt_txt.o)
                0x03813154                lv_font_get_bitmap_fmt_txt
                0x03813344                lv_font_get_glyph_dsc_fmt_txt
                0x0381352c                _lv_font_clean_up_fmt_txt
 .text          0x03813578      0x174 build/libv5lvgl.a(lv_font.o)
                0x03813578                lv_font_get_glyph_bitmap
                0x0381358c                lv_font_get_glyph_dsc
                0x038136b8                lv_font_get_glyph_width
 .text          0x038136ec      0x25c build/libv5lvgl.a(lv_hal_indev.o)
                0x038136ec                lv_indev_drv_init
                0x03813724                lv_indev_drv_register
                0x038137ac                lv_indev_drv_update
                0x03813850                lv_indev_delete
                0x038138a8                lv_indev_get_next
                0x038138cc                _lv_indev_read
 .text          0x03813948      0xc50 build/libv5lvgl.a(lv_hal_disp.o)
                0x03813948                lv_disp_drv_init
                0x038139bc                lv_disp_draw_buf_init
                0x038139ec                lv_disp_drv_register
                0x03813bcc                lv_disp_drv_update
                0x03813d14                lv_disp_get_hor_res
                0x03813d60                lv_disp_get_ver_res
                0x03813dc0                lv_disp_remove
                0x03813e90                lv_disp_get_default
                0x03813ea0                lv_disp_set_default
                0x03813eb0                lv_disp_get_physical_hor_res
                0x03813f14                lv_disp_get_physical_ver_res
                0x03813f78                lv_disp_get_offset_x
                0x03813ff0                lv_disp_get_offset_y
                0x03814068                lv_disp_get_antialiasing
                0x03814098                lv_disp_get_dpi
                0x038140c8                lv_disp_flush_ready
                0x038140dc                lv_disp_flush_is_last
                0x038140f0                lv_disp_get_next
                0x03814114                lv_disp_get_draw_buf
                0x03814120                lv_disp_set_rotation
                0x0381415c                lv_disp_get_rotation
                0x0381418c                lv_disp_drv_use_generic_set_px_cb
 .text          0x03814598       0x84 build/libv5lvgl.a(lv_hal_tick.o)
                0x03814598                lv_tick_inc
                0x038145c0                lv_tick_get
                0x038145ec                lv_tick_elaps
 .text          0x0381461c      0x484 build/libv5lvgl.a(lv_color.o)
                0x0381461c                lv_color_fill
                0x03814690                lv_color_lighten
                0x038146e4                lv_color_darken
                0x0381472c                lv_color_change_lightness
                0x03814798                lv_color_hsv_to_rgb
                0x038148dc                lv_color_rgb_to_hsv
                0x03814a14                lv_color_to_hsv
                0x03814a28                lv_palette_main
                0x03814a44                lv_palette_lighten
                0x03814a74                lv_palette_darken
 .text          0x03814aa0      0x134 build/libv5lvgl.a(lv_async.o)
                0x03814aa0                lv_async_call
                0x03814b38                lv_async_call_cancel
 .text          0x03814bd4      0x12c build/libv5lvgl.a(lv_gc.o)
                0x03814bd4                _lv_gc_clear_roots
 .text          0x03814d00      0x9cc build/libv5lvgl.a(lv_anim.o)
                0x03814d00                _lv_anim_core_init
                0x03815028                lv_anim_init
                0x03815078                lv_anim_path_linear
                0x038150c0                lv_anim_start
                0x038151ac                lv_anim_del
                0x0381525c                lv_anim_get_playtime
                0x038152d0                lv_anim_del_all
                0x038152ec                lv_anim_get
                0x03815358                lv_anim_get_timer
                0x03815368                lv_anim_count_running
                0x038153bc                lv_anim_speed_to_time
                0x038153f0                lv_anim_refr_now
                0x038153f8                lv_anim_path_ease_in
                0x03815454                lv_anim_path_ease_out
                0x038154b0                lv_anim_path_ease_in_out
                0x0381550c                lv_anim_path_overshoot
                0x03815568                lv_anim_path_bounce
                0x038156b0                lv_anim_path_step
 .text          0x038156cc      0xd58 build/libv5lvgl.a(lv_area.o)
                0x038156cc                lv_area_set
                0x038156e4                lv_area_set_width
                0x038156f8                lv_area_set_height
                0x0381570c                _lv_area_set_pos
                0x03815748                lv_area_get_size
                0x03815770                lv_area_increase
                0x038157ac                lv_area_move
                0x038157e8                _lv_area_intersect
                0x03815860                _lv_area_join
                0x038158b4                _lv_area_is_point_on
                0x03815a38                _lv_area_is_on
                0x03815a88                _lv_area_is_in
                0x03815b7c                _lv_area_is_out
                0x03815c70                _lv_area_is_equal
                0x03815cc0                lv_area_align
                0x03816250                lv_point_transform
 .text          0x03816424      0x36c build/libv5lvgl.a(lv_math.o)
                0x03816424                lv_trigo_sin
                0x038164b8                lv_bezier3
                0x0381651c                lv_sqrt
                0x03816568                lv_atan2
                0x0381666c                lv_pow
                0x038166e4                lv_map
                0x03816754                lv_rand
 .text          0x03816790      0x9d0 build/libv5lvgl.a(lv_fs.o)
                0x03816790                _lv_fs_init
                0x038167a0                lv_fs_is_ready
                0x038167d8                lv_fs_get_drv
                0x03816830                lv_fs_open
                0x03816920                lv_fs_close
                0x038169ac                lv_fs_read
                0x03816c20                lv_fs_write
                0x03816ca0                lv_fs_seek
                0x03816dc0                lv_fs_tell
                0x03816e24                lv_fs_dir_open
                0x03816ecc                lv_fs_dir_read
                0x03816f18                lv_fs_dir_close
                0x03816f6c                lv_fs_drv_init
                0x03816f74                lv_fs_drv_register
                0x03816f9c                lv_fs_get_letters
                0x0381700c                lv_fs_get_ext
                0x03817064                lv_fs_up
                0x038170ec                lv_fs_get_last
 .text          0x03817160      0x428 build/libv5lvgl.a(lv_ll.o)
                0x03817160                _lv_ll_init
                0x03817178                _lv_ll_ins_head
                0x038171d0                _lv_ll_ins_prev
                0x03817254                _lv_ll_get_head
                0x03817264                _lv_ll_get_prev
                0x03817270                _lv_ll_ins_tail
                0x038172c8                _lv_ll_remove
                0x03817358                _lv_ll_get_next
                0x03817368                _lv_ll_get_tail
                0x03817378                _lv_ll_clear
                0x038173c4                _lv_ll_chg_list
                0x03817480                _lv_ll_get_len
                0x038174b8                _lv_ll_move_before
                0x03817560                _lv_ll_is_empty
 .text          0x03817588      0x3f0 build/libv5lvgl.a(lv_style_gen.o)
                0x03817588                lv_style_set_width
                0x03817594                lv_style_set_min_width
                0x038175a0                lv_style_set_max_width
                0x038175ac                lv_style_set_height
                0x038175b8                lv_style_set_min_height
                0x038175c4                lv_style_set_max_height
                0x038175d0                lv_style_set_x
                0x038175dc                lv_style_set_y
                0x038175e8                lv_style_set_align
                0x038175f4                lv_style_set_transform_width
                0x03817600                lv_style_set_transform_height
                0x0381760c                lv_style_set_translate_x
                0x03817618                lv_style_set_translate_y
                0x03817624                lv_style_set_transform_zoom
                0x03817630                lv_style_set_transform_angle
                0x0381763c                lv_style_set_transform_pivot_x
                0x03817648                lv_style_set_transform_pivot_y
                0x03817654                lv_style_set_pad_top
                0x03817660                lv_style_set_pad_bottom
                0x0381766c                lv_style_set_pad_left
                0x03817678                lv_style_set_pad_right
                0x03817684                lv_style_set_pad_row
                0x03817690                lv_style_set_pad_column
                0x0381769c                lv_style_set_bg_color
                0x038176a8                lv_style_set_bg_opa
                0x038176b4                lv_style_set_bg_grad_color
                0x038176c0                lv_style_set_bg_grad_dir
                0x038176cc                lv_style_set_bg_main_stop
                0x038176d8                lv_style_set_bg_grad_stop
                0x038176e4                lv_style_set_bg_grad
                0x038176f0                lv_style_set_bg_dither_mode
                0x038176fc                lv_style_set_bg_img_src
                0x03817708                lv_style_set_bg_img_opa
                0x03817714                lv_style_set_bg_img_recolor
                0x03817720                lv_style_set_bg_img_recolor_opa
                0x0381772c                lv_style_set_bg_img_tiled
                0x03817738                lv_style_set_border_color
                0x03817744                lv_style_set_border_opa
                0x03817750                lv_style_set_border_width
                0x0381775c                lv_style_set_border_side
                0x03817768                lv_style_set_border_post
                0x03817774                lv_style_set_outline_width
                0x03817780                lv_style_set_outline_color
                0x0381778c                lv_style_set_outline_opa
                0x03817798                lv_style_set_outline_pad
                0x038177a4                lv_style_set_shadow_width
                0x038177b0                lv_style_set_shadow_ofs_x
                0x038177bc                lv_style_set_shadow_ofs_y
                0x038177c8                lv_style_set_shadow_spread
                0x038177d4                lv_style_set_shadow_color
                0x038177e0                lv_style_set_shadow_opa
                0x038177ec                lv_style_set_img_opa
                0x038177f8                lv_style_set_img_recolor
                0x03817804                lv_style_set_img_recolor_opa
                0x03817810                lv_style_set_line_width
                0x0381781c                lv_style_set_line_dash_width
                0x03817828                lv_style_set_line_dash_gap
                0x03817834                lv_style_set_line_rounded
                0x03817840                lv_style_set_line_color
                0x0381784c                lv_style_set_line_opa
                0x03817858                lv_style_set_arc_width
                0x03817864                lv_style_set_arc_rounded
                0x03817870                lv_style_set_arc_color
                0x0381787c                lv_style_set_arc_opa
                0x03817888                lv_style_set_arc_img_src
                0x03817894                lv_style_set_text_color
                0x038178a0                lv_style_set_text_opa
                0x038178ac                lv_style_set_text_font
                0x038178b8                lv_style_set_text_letter_space
                0x038178c4                lv_style_set_text_line_space
                0x038178d0                lv_style_set_text_decor
                0x038178dc                lv_style_set_text_align
                0x038178e8                lv_style_set_radius
                0x038178f4                lv_style_set_clip_corner
                0x03817900                lv_style_set_opa
                0x0381790c                lv_style_set_color_filter_dsc
                0x03817918                lv_style_set_color_filter_opa
                0x03817924                lv_style_set_anim
                0x03817930                lv_style_set_anim_time
                0x0381793c                lv_style_set_anim_speed
                0x03817948                lv_style_set_transition
                0x03817954                lv_style_set_blend_mode
                0x03817960                lv_style_set_layout
                0x0381796c                lv_style_set_base_dir
 .text          0x03817978      0x9e4 build/libv5lvgl.a(lv_mem.o)
                0x03817978                lv_mem_init
                0x038179a0                lv_mem_deinit
                0x038179d0                lv_mem_alloc
                0x03817a44                lv_mem_free
                0x03817a9c                lv_mem_realloc
                0x03817af0                lv_mem_test
                0x03817b4c                lv_mem_monitor
                0x03817be0                lv_memset
                0x03817d14                lv_mem_buf_get
                0x03817e20                lv_mem_buf_release
                0x03817e64                lv_mem_buf_free_all
                0x03817eec                lv_memcpy
                0x0381816c                lv_memset_00
                0x0381825c                lv_memset_ff
 .text          0x0381835c      0x430 build/libv5lvgl.a(lv_timer.o)
                0x0381835c                _lv_timer_core_init
                0x03818388                lv_timer_enable
                0x03818398                lv_timer_handler
                0x0381862c                lv_timer_create_basic
                0x0381863c                lv_timer_create
                0x038186ac                lv_timer_set_cb
                0x038186b4                lv_timer_del
                0x038186ec                lv_timer_pause
                0x038186fc                lv_timer_resume
                0x0381870c                lv_timer_set_period
                0x03818714                lv_timer_ready
                0x03818738                lv_timer_set_repeat_count
                0x03818740                lv_timer_reset
                0x03818758                lv_timer_get_idle
                0x03818768                lv_timer_get_next
 .text          0x0381878c      0xdcc build/libv5lvgl.a(lv_txt.o)
                0x03818c24                lv_txt_get_size
                0x03818d68                _lv_txt_get_next_line
                0x038191d0                lv_txt_get_width
                0x03819310                _lv_txt_encoded_letter_next_2
                0x0381936c                _lv_txt_is_cmd
                0x038193d0                _lv_txt_ins
                0x03819470                _lv_txt_cut
                0x038194e8                _lv_txt_set_text_vfmt
 .text          0x03819558      0x8c8 build/libv5lvgl.a(lv_style.o)
                0x03819558                lv_style_init
                0x03819560                lv_style_reset
                0x038195a4                lv_style_register_prop
                0x03819694                lv_style_get_num_custom_props
                0x038196ac                lv_style_remove_prop
                0x038197f8                lv_style_set_prop
                0x03819978                lv_style_set_prop_meta
                0x03819acc                lv_style_get_prop
                0x03819bec                lv_style_transition_dsc_init
                0x03819c34                lv_style_prop_get_default
                0x03819d90                lv_style_is_empty
                0x03819da0                _lv_style_get_prop_group
                0x03819db0                _lv_style_prop_lookup_flags
 .text          0x03819e20       0x7c build/libv5lvgl.a(lv_utils.o)
                0x03819e20                _lv_utils_bsearch
 *fill*         0x03819e9c        0x4 
 .text          0x03819ea0     0x1bd4 build/libv5lvgl.a(lv_label.o)
                0x0381a40c                lv_label_create
                0x0381a434                lv_label_set_text
                0x0381ac78                lv_label_set_text_fmt
                0x0381ad04                lv_label_set_text_static
                0x0381ad58                lv_label_set_long_mode
                0x0381ae84                lv_label_set_recolor
                0x0381aea4                lv_label_set_text_sel_start
                0x0381aeac                lv_label_set_text_sel_end
                0x0381aeb4                lv_label_get_text
                0x0381aebc                lv_label_get_long_mode
                0x0381aec8                lv_label_get_recolor
                0x0381aed4                lv_label_get_letter_pos
                0x0381b23c                lv_label_get_letter_on
                0x0381b5e8                lv_label_is_char_under_pos
                0x0381b92c                lv_label_get_text_selection_start
                0x0381b934                lv_label_get_text_selection_end
                0x0381b93c                lv_label_ins_text
                0x0381b9ec                lv_label_cut_text
 .text          0x0381ba74       0x50 build/libv5lvgl.a(lv_btn.o)
                0x0381ba9c                lv_btn_create
 .text          0x0381bac4      0x190 build/libv5lvgl.a(lv_draw_sw.o)
                0x0381bac4                lv_draw_sw_init_ctx
                0x0381bb9c                lv_draw_sw_wait_for_finish
                0x0381bba0                lv_draw_sw_buffer_copy
                0x0381bc48                lv_draw_sw_deinit_ctx
 .text          0x0381bc54      0x2c8 build/libv5lvgl.a(lv_draw_sw_layer.o)
                0x0381bc54                lv_draw_sw_layer_create
                0x0381bdb8                lv_draw_sw_layer_adjust
                0x0381be38                lv_draw_sw_layer_blend
                0x0381bf14                lv_draw_sw_layer_destroy
 .text          0x0381bf1c      0x98c build/libv5lvgl.a(lv_draw_sw_transform.o)
                0x0381bf1c                lv_draw_sw_transform
 .text          0x0381c8a8      0x5c0 build/libv5lvgl.a(lv_draw_sw_letter.o)
                0x0381c8a8                lv_draw_sw_letter
 .text          0x0381ce68      0xb34 build/libv5lvgl.a(lv_draw_sw_line.o)
                0x0381ce68                lv_draw_sw_line
 .text          0x0381d99c      0x768 build/libv5lvgl.a(lv_draw_sw_img.o)
                0x0381d99c                lv_draw_sw_img_decoded
 .text          0x0381e104     0x130c build/libv5lvgl.a(lv_flex.o)
                0x0381e104                lv_flex_init
                0x0381e720                lv_obj_set_flex_flow
                0x0381e764                lv_obj_set_style_flex_flow
                0x0381e77c                lv_obj_set_flex_align
                0x0381e800                lv_obj_set_style_flex_main_place
                0x0381e818                lv_obj_set_style_flex_cross_place
                0x0381e830                lv_obj_set_style_flex_track_place
                0x0381e848                lv_obj_set_flex_grow
                0x0381e880                lv_obj_set_style_flex_grow
                0x0381e898                lv_style_set_flex_flow
                0x0381e8ac                lv_style_set_flex_main_place
                0x0381e8c0                lv_style_set_flex_cross_place
                0x0381e8d4                lv_style_set_flex_track_place
                0x0381e8e8                lv_style_set_flex_grow
 .text          0x0381f410     0x13e4 build/libv5lvgl.a(lv_grid.o)
                0x0381f410                lv_grid_init
                0x038202d8                lv_obj_set_grid_dsc_array
                0x0382033c                lv_obj_set_style_grid_column_dsc_array
                0x03820354                lv_obj_set_style_grid_row_dsc_array
                0x0382036c                lv_obj_set_grid_align
                0x038203b8                lv_obj_set_style_grid_column_align
                0x038203d0                lv_obj_set_style_grid_row_align
                0x038203e8                lv_obj_set_grid_cell
                0x038204b0                lv_obj_set_style_grid_cell_column_pos
                0x038204c8                lv_obj_set_style_grid_cell_row_pos
                0x038204e0                lv_obj_set_style_grid_cell_x_align
                0x038204f8                lv_obj_set_style_grid_cell_column_span
                0x03820510                lv_obj_set_style_grid_cell_row_span
                0x03820528                lv_obj_set_style_grid_cell_y_align
                0x03820540                lv_style_set_grid_row_dsc_array
                0x03820554                lv_style_set_grid_column_dsc_array
                0x03820568                lv_style_set_grid_row_align
                0x0382057c                lv_style_set_grid_column_align
                0x03820590                lv_style_set_grid_cell_column_pos
                0x038205a4                lv_style_set_grid_cell_column_span
                0x038205b8                lv_style_set_grid_cell_row_pos
                0x038205cc                lv_style_set_grid_cell_row_span
                0x038205e0                lv_style_set_grid_cell_x_align
                0x038205f4                lv_style_set_grid_cell_y_align
 .text          0x038207f4     0x5e00 build/libv5lvgl.a(lv_theme_default.o)
                0x038207f4                lv_theme_default_init
                0x038208ec                lv_theme_default_is_inited
                0x0382651c                lv_theme_default_get
 .text          0x038265f4      0x1f0 build/libv5lvgl.a(lv_calendar_header_dropdown.o)
                0x038266c8                lv_calendar_header_dropdown_create
 .text          0x038267e4      0x27c build/libv5lvgl.a(lv_calendar_header_arrow.o)
                0x03826934                lv_calendar_header_arrow_create
 .text          0x03826a60      0x8b0 build/libv5lvgl.a(lv_calendar.o)
                0x03826b98                lv_calendar_create
                0x03826bc0                lv_calendar_set_day_names
                0x03826be0                lv_calendar_set_today_date
                0x03826d40                lv_calendar_set_highlighted_dates
                0x03826d58                lv_calendar_set_showed_date
                0x03827144                lv_calendar_get_btnmatrix
                0x0382714c                lv_calendar_get_today_date
                0x03827154                lv_calendar_get_showed_date
                0x0382715c                lv_calendar_get_highlighted_dates
                0x03827164                lv_calendar_get_highlighted_dates_num
                0x0382716c                lv_calendar_get_pressed_date
 .text          0x03827310     0x37b8 build/libv5lvgl.a(lv_chart.o)
                0x038290e0                lv_chart_create
                0x03829108                lv_chart_set_type
                0x038291e8                lv_chart_refresh
                0x038291ec                lv_chart_set_point_count
                0x0382940c                lv_chart_set_range
                0x0382946c                lv_chart_set_update_mode
                0x03829490                lv_chart_set_div_line_count
                0x038294b4                lv_chart_set_zoom_x
                0x038294f0                lv_chart_set_zoom_y
                0x0382952c                lv_chart_get_zoom_x
                0x03829534                lv_chart_get_zoom_y
                0x0382953c                lv_chart_set_axis_tick
                0x038295d8                get_tick_gsc
                0x03829624                lv_chart_get_type
                0x03829630                lv_chart_get_point_count
                0x03829638                lv_chart_get_x_start_point
                0x03829648                lv_chart_get_point_pos_by_id
                0x038298f4                lv_chart_add_series
                0x038299ec                lv_chart_remove_series
                0x03829a3c                lv_chart_hide_series
                0x03829a5c                lv_chart_set_series_color
                0x03829a70                lv_chart_set_x_start_point
                0x03829a8c                lv_chart_get_series_next
                0x03829aa0                lv_chart_add_cursor
                0x03829af0                lv_chart_set_cursor_pos
                0x03829b1c                lv_chart_set_cursor_point
                0x03829b6c                lv_chart_get_cursor_point
                0x03829b7c                lv_chart_set_all_value
                0x03829bc8                lv_chart_set_next_value
                0x03829ea8                lv_chart_set_next_value2
                0x03829f14                lv_chart_set_value_by_id
                0x03829f40                lv_chart_set_value_by_id2
                0x03829f9c                lv_chart_set_ext_y_array
                0x03829ff4                lv_chart_set_ext_x_array
                0x0382a04c                lv_chart_get_y_array
                0x0382a05c                lv_chart_get_x_array
                0x0382a06c                lv_chart_get_pressed_point
 .text          0x0382aac8     0x1060 build/libv5lvgl.a(lv_colorwheel.o)
                0x0382b704                lv_colorwheel_create
                0x0382b73c                lv_colorwheel_set_hsv
                0x0382b8dc                lv_colorwheel_set_rgb
                0x0382b90c                lv_colorwheel_set_mode
                0x0382b940                lv_colorwheel_set_mode_fixed
                0x0382b954                lv_colorwheel_get_hsv
                0x0382b95c                lv_colorwheel_get_rgb
                0x0382b96c                lv_colorwheel_get_color_mode
                0x0382b978                lv_colorwheel_get_color_mode_fixed
 .text          0x0382bb28      0x584 build/libv5lvgl.a(lv_keyboard.o)
                0x0382bbb8                lv_keyboard_create
                0x0382bbe0                lv_keyboard_set_textarea
                0x0382bc28                lv_keyboard_set_mode
                0x0382bc64                lv_keyboard_set_popovers
                0x0382bd34                lv_keyboard_set_map
                0x0382bd74                lv_keyboard_get_textarea
                0x0382bd7c                lv_keyboard_get_mode
                0x0382bd84                lv_btnmatrix_get_popovers
                0x0382bd90                lv_keyboard_def_event_cb
 .text          0x0382c0ac      0x5c8 build/libv5lvgl.a(lv_led.o)
                0x0382c5d8                lv_led_create
                0x0382c600                lv_led_set_color
                0x0382c608                lv_led_set_brightness
                0x0382c624                lv_led_on
                0x0382c63c                lv_led_off
                0x0382c654                lv_led_toggle
                0x0382c66c                lv_led_get_brightness
 .text          0x0382c674      0xca4 build/libv5lvgl.a(lv_menu.o)
                0x0382c914                lv_menu_create
                0x0382c93c                lv_menu_page_create
                0x0382c9a4                lv_menu_cont_create
                0x0382c9cc                lv_menu_section_create
                0x0382c9f4                lv_menu_separator_create
                0x0382ca1c                lv_menu_set_page
                0x0382cb94                lv_menu_clear_history
                0x0382cc70                lv_menu_set_sidebar_page
                0x0382d018                lv_menu_set_mode_header
                0x0382d068                lv_menu_set_mode_root_back_btn
                0x0382d08c                lv_menu_set_load_page_event
                0x0382d21c                lv_menu_get_cur_main_page
                0x0382d224                lv_menu_get_cur_sidebar_page
                0x0382d22c                lv_menu_get_main_header
                0x0382d234                lv_menu_get_main_header_back_btn
                0x0382d23c                lv_menu_get_sidebar_header
                0x0382d244                lv_menu_get_sidebar_header_back_btn
                0x0382d24c                lv_menu_back_btn_is_root
 .text          0x0382d318     0x1414 build/libv5lvgl.a(lv_meter.o)
                0x0382dfa4                lv_meter_create
                0x0382dfcc                lv_meter_add_scale
                0x0382e034                lv_meter_set_scale_ticks
                0x0382e05c                lv_meter_set_scale_major_ticks
                0x0382e08c                lv_meter_set_scale_range
                0x0382e0b4                lv_meter_add_needle_line
                0x0382e118                lv_meter_add_needle_img
                0x0382e17c                lv_meter_add_arc
                0x0382e1e0                lv_meter_add_scale_lines
                0x0382e260                lv_meter_set_indicator_value
                0x0382e64c                lv_meter_set_indicator_start_value
                0x0382e6bc                lv_meter_set_indicator_end_value
 *fill*         0x0382e72c        0x4 
 .text          0x0382e730      0x720 build/libv5lvgl.a(lv_spinbox.o)
                0x0382e9f0                lv_spinbox_create
                0x0382ea18                lv_spinbox_set_value
                0x0382ebd8                lv_spinbox_set_rollover
                0x0382ebf0                lv_spinbox_set_digit_format
                0x0382ec68                lv_spinbox_set_step
                0x0382ec70                lv_spinbox_set_range
                0x0382eca4                lv_spinbox_set_cursor_pos
                0x0382ed08                lv_spinbox_set_digit_step_direction
                0x0382ed24                lv_spinbox_get_value
                0x0382ed2c                lv_spinbox_get_step
                0x0382ed34                lv_spinbox_step_next
                0x0382ed5c                lv_spinbox_step_prev
                0x0382ed8c                lv_spinbox_get_rollover
                0x0382ed98                lv_spinbox_increment
                0x0382edf4                lv_spinbox_decrement
 .text          0x0382ee50      0x120 build/libv5lvgl.a(lv_spinner.o)
                0x0382ef1c                lv_spinner_create
 .text          0x0382ef70      0x804 build/libv5lvgl.a(lv_tabview.o)
                0x0382f264                lv_tabview_create
                0x0382f2a8                lv_tabview_add_tab
                0x0382f4a4                lv_tabview_get_content
                0x0382f4ac                lv_tabview_get_tab_btns
                0x0382f4b4                lv_tabview_set_act
                0x0382f5ac                lv_tabview_rename_tab
                0x0382f61c                lv_tabview_get_tab_act
 .text          0x0382f774      0x3c0 build/libv5lvgl.a(lv_tileview.o)
                0x0382f870                lv_tileview_create
                0x0382f898                lv_tileview_add_tile
                0x0382f8e8                lv_obj_set_tile
                0x0382f93c                lv_obj_set_tile_id
                0x0382f9fc                lv_tileview_get_tile_act
 .text          0x0382fb34      0x194 build/libv5lvgl.a(lv_win.o)
                0x0382fbe0                lv_win_create
                0x0382fc18                lv_win_add_title
                0x0382fc5c                lv_win_get_header
                0x0382fc64                lv_win_add_btn
                0x0382fcc0                lv_win_get_content
 .text          0x0382fcc8     0x13ac build/libv5lvgl.a(lv_indev_scroll.o)
                0x0382fcc8                _lv_indev_scroll_handler
                0x038307e4                _lv_indev_scroll_throw_handler
                0x03830fb4                lv_indev_scroll_throw_predict
                0x03831034                lv_indev_scroll_get_snap_dist
 .text          0x03831074      0x160 build/libv5lvgl.a(lv_theme.o)
                0x03831074                lv_theme_get_from_obj
                0x03831098                lv_theme_apply
                0x0383111c                lv_theme_set_parent
                0x03831124                lv_theme_set_apply_cb
                0x0383112c                lv_theme_get_font_small
                0x0383114c                lv_theme_get_font_normal
                0x0383116c                lv_theme_get_font_large
                0x0383118c                lv_theme_get_color_primary
                0x038311b0                lv_theme_get_color_secondary
 .text          0x038311d4      0x624 build/libv5lvgl.a(lv_draw_arc.o)
                0x038311d4                lv_draw_arc_dsc_init
                0x03831204                lv_draw_arc
                0x0383124c                lv_draw_arc_get_area
 .text          0x038317f8       0x54 build/libv5lvgl.a(lv_draw_transform.o)
                0x038317f8                lv_draw_transform
 .text          0x0383184c      0xd90 build/libv5lvgl.a(lv_printf.o)
                0x0383184c                lv_snprintf
                0x0383212c                lv_vsnprintf
 .text          0x038325dc      0xd48 build/libv5lvgl.a(lv_tlsf.o)
                0x038325dc                lv_tlsf_check
                0x0383272c                lv_tlsf_walk_pool
                0x038327a0                lv_tlsf_block_size
                0x038327b4                lv_tlsf_check_pool
                0x03832818                lv_tlsf_size
                0x03832820                lv_tlsf_align_size
                0x03832828                lv_tlsf_block_size_min
                0x03832830                lv_tlsf_block_size_max
                0x03832838                lv_tlsf_pool_overhead
                0x03832840                lv_tlsf_alloc_overhead
                0x03832848                lv_tlsf_add_pool
                0x03832960                lv_tlsf_remove_pool
                0x03832a58                lv_tlsf_create
                0x03832ac8                lv_tlsf_create_with_pool
                0x03832b4c                lv_tlsf_destroy
                0x03832b50                lv_tlsf_get_pool
                0x03832b5c                lv_tlsf_malloc
                0x03832d74                lv_tlsf_memalign
                0x03832eec                lv_tlsf_free
                0x03833074                lv_tlsf_realloc
 .text          0x03833324      0x300 build/libv5lvgl.a(lv_line.o)
                0x038335ac                lv_line_create
                0x038335d4                lv_line_set_points
                0x038335f8                lv_line_set_y_invert
                0x03833618                lv_line_get_y_invert
 *fill*         0x03833624        0x4 
 .text          0x03833628      0xd0c build/libv5lvgl.a(lv_bar.o)
                0x03833fd4                lv_bar_create
                0x03833ffc                lv_bar_set_value
                0x03834138                lv_bar_set_start_value
                0x038341a4                lv_bar_set_range
                0x03834230                lv_bar_get_mode
                0x0383423c                lv_bar_set_mode
                0x03834260                lv_bar_get_value
                0x03834278                lv_bar_get_start_value
                0x038342a8                lv_bar_get_min_value
                0x038342b0                lv_bar_get_max_value
 .text          0x03834334      0x5ac build/libv5lvgl.a(lv_checkbox.o)
                0x038347fc                lv_checkbox_create
                0x03834824                lv_checkbox_set_text
                0x03834890                lv_checkbox_set_text_static
                0x038348d8                lv_checkbox_get_text
 .text          0x038348e0     0x153c build/libv5lvgl.a(lv_arc.o)
                0x03835200                lv_arc_create
                0x03835228                lv_arc_set_start_angle
                0x0383541c                lv_arc_set_end_angle
                0x038354c4                lv_arc_set_angles
                0x038354ec                lv_arc_set_bg_start_angle
                0x038356cc                lv_arc_set_bg_end_angle
                0x0383576c                lv_arc_set_bg_angles
                0x03835794                lv_arc_set_rotation
                0x0383579c                lv_arc_set_mode
                0x03835838                lv_arc_set_value
                0x03835878                lv_arc_set_range
                0x038358d4                lv_arc_set_change_rate
                0x038358dc                lv_arc_get_angle_start
                0x038358e4                lv_arc_get_angle_end
                0x038358ec                lv_arc_get_bg_angle_start
                0x038358f4                lv_arc_get_bg_angle_end
                0x038358fc                lv_arc_get_value
                0x03835904                lv_arc_get_min_value
                0x0383590c                lv_arc_get_max_value
                0x03835914                lv_arc_get_mode
                0x03835920                lv_arc_align_obj_to_angle
                0x03835b48                lv_arc_rotate_obj_to_angle
 .text          0x03835e1c     0x18e4 build/libv5lvgl.a(lv_btnmatrix.o)
                0x03836af4                lv_btnmatrix_create
                0x03836b1c                lv_btnmatrix_set_map
                0x03836f6c                lv_btnmatrix_set_ctrl_map
                0x03836f98                lv_btnmatrix_set_selected_btn
                0x03837110                lv_btnmatrix_set_btn_ctrl
                0x038371c8                lv_btnmatrix_clear_btn_ctrl_all
                0x03837210                lv_btnmatrix_clear_btn_ctrl
                0x03837260                lv_btnmatrix_set_btn_ctrl_all
                0x038372a8                lv_btnmatrix_set_btn_width
                0x038372d0                lv_btnmatrix_set_one_checked
                0x03837394                lv_btnmatrix_get_map
                0x0383739c                lv_btnmatrix_get_selected_btn
                0x038373a4                lv_btnmatrix_get_btn_text
                0x03837450                lv_btnmatrix_has_btn_ctrl
                0x03837484                lv_btnmatrix_get_one_checked
 .text          0x03837700     0x1b24 build/libv5lvgl.a(lv_table.o)
                0x038383e4                lv_table_create
                0x0383840c                lv_table_set_cell_value
                0x038384e8                lv_table_set_col_cnt
                0x038386a0                lv_table_set_row_cnt
                0x03838924                lv_table_set_cell_value_fmt
                0x03838bc4                lv_table_set_col_width
                0x03838c0c                lv_table_add_cell_ctrl
                0x03838cc4                lv_table_clear_cell_ctrl
                0x03838d7c                lv_table_get_cell_value
                0x03838dc0                lv_table_get_row_cnt
                0x03838dc8                lv_table_get_col_cnt
                0x03838dd0                lv_table_get_col_width
                0x03838df0                lv_table_has_cell_ctrl
                0x03838e40                lv_table_get_selected_cell
 .text          0x03839224     0x1b2c build/libv5lvgl.a(lv_textarea.o)
                0x038399d4                lv_textarea_create
                0x038399fc                lv_textarea_add_char
                0x03839cf4                lv_textarea_clear_selection
                0x03839dcc                lv_textarea_set_cursor_pos
                0x03839f4c                lv_textarea_get_cursor_pos
                0x03839f54                lv_textarea_add_text
                0x0383a0e4                lv_textarea_get_accepted_chars
                0x0383a0ec                lv_textarea_get_max_length
                0x0383a0f4                lv_textarea_del_char
                0x0383a1f8                lv_textarea_del_char_forward
                0x0383a228                lv_textarea_set_text
                0x0383a38c                lv_textarea_set_placeholder_text
                0x0383a7c0                lv_textarea_set_cursor_click_pos
                0x0383a7d4                lv_textarea_set_password_mode
                0x0383a878                lv_textarea_set_password_bullet
                0x0383a8dc                lv_textarea_set_one_line
                0x0383a978                lv_textarea_set_accepted_chars
                0x0383a980                lv_textarea_set_max_length
                0x0383a988                lv_textarea_set_insert_replace
                0x0383a998                lv_textarea_set_text_selection
                0x0383a9b4                lv_textarea_set_password_show_time
                0x0383a9bc                lv_textarea_set_align
                0x0383aa08                lv_textarea_get_label
                0x0383aa10                lv_textarea_get_text
                0x0383aa28                lv_textarea_get_placeholder_text
                0x0383aa40                lv_textarea_get_cursor_click_pos
                0x0383aa4c                lv_textarea_get_password_mode
                0x0383aa58                lv_textarea_get_password_bullet
                0x0383aabc                lv_textarea_get_one_line
                0x0383aac8                lv_textarea_text_is_selected
                0x0383ab04                lv_textarea_get_text_selection
                0x0383ab10                lv_textarea_get_password_show_time
                0x0383ab18                lv_textarea_cursor_right
                0x0383ab24                lv_textarea_cursor_left
                0x0383ab38                lv_textarea_cursor_down
                0x0383abd8                lv_textarea_cursor_up
 .text          0x0383ad50     0x180c build/libv5lvgl.a(lv_dropdown.o)
                0x0383b6b8                lv_dropdown_create
                0x0383b6e0                lv_dropdown_set_text
                0x0383b6f4                lv_dropdown_set_options
                0x0383b7d0                lv_dropdown_set_options_static
                0x0383b87c                lv_dropdown_add_option
                0x0383ba8c                lv_dropdown_clear_options
                0x0383baec                lv_dropdown_set_selected
                0x0383bb10                lv_dropdown_set_dir
                0x0383bb34                lv_dropdown_set_symbol
                0x0383bb3c                lv_dropdown_set_selected_highlight
                0x0383bb60                lv_dropdown_get_list
                0x0383bb68                lv_dropdown_get_text
                0x0383bb70                lv_dropdown_get_options
                0x0383bb88                lv_dropdown_get_selected
                0x0383bb90                lv_dropdown_get_option_cnt
                0x0383bb98                lv_dropdown_get_selected_str
                0x0383bc80                lv_dropdown_get_option_index
                0x0383bd30                lv_dropdown_get_symbol
                0x0383bd38                lv_dropdown_get_selected_highlight
                0x0383bd44                lv_dropdown_get_dir
                0x0383bd50                lv_dropdown_open
                0x0383c140                lv_dropdown_close
                0x0383c17c                lv_dropdown_is_open
 .text          0x0383c55c     0x117c build/libv5lvgl.a(lv_img.o)
                0x0383cf4c                lv_img_create
                0x0383cf74                lv_img_set_src
                0x0383d170                lv_img_set_offset_x
                0x0383d178                lv_img_set_offset_y
                0x0383d180                lv_img_set_angle
                0x0383d324                lv_img_set_pivot
                0x0383d47c                lv_img_set_zoom
                0x0383d5e0                lv_img_set_antialias
                0x0383d600                lv_img_set_size_mode
                0x0383d628                lv_img_get_src
                0x0383d630                lv_img_get_offset_x
                0x0383d638                lv_img_get_offset_y
                0x0383d640                lv_img_get_angle
                0x0383d648                lv_img_get_pivot
                0x0383d65c                lv_img_get_zoom
                0x0383d664                lv_img_get_antialias
                0x0383d670                lv_img_get_size_mode
 .text          0x0383d6d8     0x1154 build/libv5lvgl.a(lv_roller.o)
                0x0383e068                lv_roller_create
                0x0383e090                lv_roller_set_options
                0x0383e2a0                lv_roller_set_selected
                0x0383e510                lv_roller_set_visible_row_count
                0x0383e574                lv_roller_get_selected
                0x0383e5c0                lv_roller_get_selected_str
                0x0383e688                lv_roller_get_options
                0x0383e6a0                lv_roller_get_option_cnt
 .text          0x0383e82c      0xc64 build/libv5lvgl.a(lv_slider.o)
                0x0383f32c                lv_slider_create
                0x0383f354                lv_slider_is_dragged
 .text          0x0383f490      0x448 build/libv5lvgl.a(lv_switch.o)
                0x0383f898                lv_switch_create
 .text          0x0383f8d8     0x106c build/libv5lvgl.a(lv_draw_sw_arc.o)
                0x0383f8d8                lv_draw_sw_arc
 .text          0x03840944     0x2a7c build/libv5lvgl.a(lv_draw_sw_rect.o)
                0x03840944                lv_draw_sw_rect
                0x038427bc                lv_draw_sw_bg
                0x038427e8                draw_border_generic
 .text          0x038433c0     0x1c68 build/libv5lvgl.a(lv_draw_sw_blend.o)
                0x038433c0                lv_draw_sw_blend
                0x03843424                lv_draw_sw_blend_basic
 .text          0x03845028      0x454 build/libv5lvgl.a(lv_draw_sw_polygon.o)
                0x03845028                lv_draw_sw_polygon
 .text          0x0384547c      0x564 build/libv5lvgl.a(lv_draw_sw_gradient.o)
                0x0384547c                lv_gradient_free_cache
                0x038454b8                lv_gradient_set_cache_size
                0x03845510                lv_gradient_get
                0x03845800                lv_gradient_calculate
                0x03845938                lv_gradient_cleanup
 .text          0x038459e0       0x9a C:\Program Files (x86)\VEX Robotics\VEXcode Pro V5\sdk/vexv5/gcc/libs\libc.a(lib_a-aeabi_memset-soft.o)
                0x038459e0                __aeabi_memset8
                0x038459e0                __aeabi_memset
                0x038459e0                __aeabi_memset4
 *(.text.*)
 *fill*         0x03845a7a        0x2 
 .text._Z4demov
                0x03845a7c       0xcc build/demo/demo.o
                0x03845a7c                demo()
 .text._ZL16btn_click_actionP11_lv_event_t
                0x03845b48       0x30 build/demo/demo.o
 .text.main     0x03845b78       0x1c build/demo/demo.o
                0x03845b78                main
 .text._GLOBAL__sub_I_demo.cpp
                0x03845b94       0x34 build/demo/demo.o
 .text.vexMain  0x03845bc8       0xb0 C:\Program Files (x86)\VEX Robotics\VEXcode Pro V5\sdk/vexv5\libv5rt.a(v5_startup.c.obj)
                0x03845bc8                vexMain
 .text.__vex_function_prolog
                0x03845c78       0x18 C:\Program Files (x86)\VEX Robotics\VEXcode Pro V5\sdk/vexv5\libv5rt.a(v5_startup.c.obj)
                0x03845c78                __vex_function_prolog
 .text._init    0x03845c90        0x4 C:\Program Files (x86)\VEX Robotics\VEXcode Pro V5\sdk/vexv5\libv5rt.a(v5_startup.c.obj)
                0x03845c90                _init
 .text._fini    0x03845c94        0x4 C:\Program Files (x86)\VEX Robotics\VEXcode Pro V5\sdk/vexv5\libv5rt.a(v5_startup.c.obj)
                0x03845c94                _fini
 .text.vexStdlibVersionLinked
                0x03845c98        0xc C:\Program Files (x86)\VEX Robotics\VEXcode Pro V5\sdk/vexv5\libv5rt.a(v5_util.c.obj)
                0x03845c98                vexStdlibVersionLinked
 .text.vexStdlibVersionVerify
                0x03845ca4       0x30 C:\Program Files (x86)\VEX Robotics\VEXcode Pro V5\sdk/vexv5\libv5rt.a(v5_util.c.obj)
                0x03845ca4                vexStdlibVersionVerify
 .text.vexPrivateApiEnable
                0x03845cd4       0x10 C:\Program Files (x86)\VEX Robotics\VEXcode Pro V5\sdk/vexv5\libv5rt.a(v5_apijump.c.obj)
                0x03845cd4                vexPrivateApiEnable
 .text.vexStdlibMismatchError
                0x03845ce4       0x3c C:\Program Files (x86)\VEX Robotics\VEXcode Pro V5\sdk/vexv5\libv5rt.a(v5_apijump.c.obj)
                0x03845ce4                vexStdlibMismatchError
 .text.vexTaskAdd
                0x03845d20       0x10 C:\Program Files (x86)\VEX Robotics\VEXcode Pro V5\sdk/vexv5\libv5rt.a(v5_apijump.c.obj)
                0x03845d20                vexTaskAdd
 .text.vexTasksRun
                0x03845d30       0x10 C:\Program Files (x86)\VEX Robotics\VEXcode Pro V5\sdk/vexv5\libv5rt.a(v5_apijump.c.obj)
                0x03845d30                vexTasksRun
 .text.vexTaskCheckTimeslice
                0x03845d40       0x10 C:\Program Files (x86)\VEX Robotics\VEXcode Pro V5\sdk/vexv5\libv5rt.a(v5_apijump.c.obj)
                0x03845d40                vexTaskCheckTimeslice
 .text.vexTaskSleep
                0x03845d50       0x10 C:\Program Files (x86)\VEX Robotics\VEXcode Pro V5\sdk/vexv5\libv5rt.a(v5_apijump.c.obj)
                0x03845d50                vexTaskSleep
 .text.vexTasksDump
                0x03845d60       0x1c C:\Program Files (x86)\VEX Robotics\VEXcode Pro V5\sdk/vexv5\libv5rt.a(v5_apijump.c.obj)
                0x03845d60                vexTasksDump
 .text.vexTaskGetTaskIndex
                0x03845d7c       0x10 C:\Program Files (x86)\VEX Robotics\VEXcode Pro V5\sdk/vexv5\libv5rt.a(v5_apijump.c.obj)
                0x03845d7c                vexTaskGetTaskIndex
 .text.vexTaskStopAll
                0x03845d8c       0x10 C:\Program Files (x86)\VEX Robotics\VEXcode Pro V5\sdk/vexv5\libv5rt.a(v5_apijump.c.obj)
                0x03845d8c                vexTaskStopAll
 .text.vexTaskCompletionIdSet
                0x03845d9c       0x10 C:\Program Files (x86)\VEX Robotics\VEXcode Pro V5\sdk/vexv5\libv5rt.a(v5_apijump.c.obj)
                0x03845d9c                vexTaskCompletionIdSet
 .text.vexEventAdd
                0x03845dac       0x34 C:\Program Files (x86)\VEX Robotics\VEXcode Pro V5\sdk/vexv5\libv5rt.a(v5_apijump.c.obj)
                0x03845dac                vexEventAdd
 .text.vexEventUserIndexGet
                0x03845de0       0x1c C:\Program Files (x86)\VEX Robotics\VEXcode Pro V5\sdk/vexv5\libv5rt.a(v5_apijump.c.obj)
                0x03845de0                vexEventUserIndexGet
 .text.vexDebug
                0x03845dfc       0x38 C:\Program Files (x86)\VEX Robotics\VEXcode Pro V5\sdk/vexv5\libv5rt.a(v5_apijump.c.obj)
                0x03845dfc                vexDebug
 .text.vexSystemTimeGet
                0x03845e34       0x1c C:\Program Files (x86)\VEX Robotics\VEXcode Pro V5\sdk/vexv5\libv5rt.a(v5_apijump.c.obj)
                0x03845e34                vexSystemTimeGet
 .text.vexSystemExitRequest
                0x03845e50       0x1c C:\Program Files (x86)\VEX Robotics\VEXcode Pro V5\sdk/vexv5\libv5rt.a(v5_apijump.c.obj)
                0x03845e50                vexSystemExitRequest
 .text.vexDeviceGetByIndex
                0x03845e6c       0x24 C:\Program Files (x86)\VEX Robotics\VEXcode Pro V5\sdk/vexv5\libv5rt.a(v5_apijump.c.obj)
                0x03845e6c                vexDeviceGetByIndex
 .text.vexDisplayForegroundColor
                0x03845e90       0x24 C:\Program Files (x86)\VEX Robotics\VEXcode Pro V5\sdk/vexv5\libv5rt.a(v5_apijump.c.obj)
                0x03845e90                vexDisplayForegroundColor
 .text.vexDisplayBackgroundColor
                0x03845eb4       0x24 C:\Program Files (x86)\VEX Robotics\VEXcode Pro V5\sdk/vexv5\libv5rt.a(v5_apijump.c.obj)
                0x03845eb4                vexDisplayBackgroundColor
 .text.vexDisplayCopyRect
                0x03845ed8       0x5c C:\Program Files (x86)\VEX Robotics\VEXcode Pro V5\sdk/vexv5\libv5rt.a(v5_apijump.c.obj)
                0x03845ed8                vexDisplayCopyRect
 .text.vexDisplayTextReference
                0x03845f34       0x24 C:\Program Files (x86)\VEX Robotics\VEXcode Pro V5\sdk/vexv5\libv5rt.a(v5_apijump.c.obj)
                0x03845f34                vexDisplayTextReference
 .text.vexDisplayTextSize
                0x03845f58       0x2c C:\Program Files (x86)\VEX Robotics\VEXcode Pro V5\sdk/vexv5\libv5rt.a(v5_apijump.c.obj)
                0x03845f58                vexDisplayTextSize
 .text.vexDisplayFontNamedSet
                0x03845f84       0x24 C:\Program Files (x86)\VEX Robotics\VEXcode Pro V5\sdk/vexv5\libv5rt.a(v5_apijump.c.obj)
                0x03845f84                vexDisplayFontNamedSet
 .text.vexSystemStdlibImpureDataAddr
                0x03845fa8       0x28 C:\Program Files (x86)\VEX Robotics\VEXcode Pro V5\sdk/vexv5\libv5rt.a(v5_apijump.c.obj)
                0x03845fa8                vexSystemStdlibImpureDataAddr
 .text.vexSystemStdlibImpureDataSize
                0x03845fd0       0x28 C:\Program Files (x86)\VEX Robotics\VEXcode Pro V5\sdk/vexv5\libv5rt.a(v5_apijump.c.obj)
                0x03845fd0                vexSystemStdlibImpureDataSize
 .text.vexSystemSaveUserData
                0x03845ff8       0x3c C:\Program Files (x86)\VEX Robotics\VEXcode Pro V5\sdk/vexv5\libv5rt.a(v5_apijump.c.obj)
                0x03845ff8                vexSystemSaveUserData
 .text.vexTouchDataGet
                0x03846034       0x10 C:\Program Files (x86)\VEX Robotics\VEXcode Pro V5\sdk/vexv5\libv5rt.a(v5_apijump.c.obj)
                0x03846034                vexTouchDataGet
 .text.vexDisplayThemeIdGet
                0x03846044       0x38 C:\Program Files (x86)\VEX Robotics\VEXcode Pro V5\sdk/vexv5\libv5rt.a(v5_apijump.c.obj)
                0x03846044                vexDisplayThemeIdGet
 .text.vexDeviceEventMaskSet
                0x0384607c       0x48 C:\Program Files (x86)\VEX Robotics\VEXcode Pro V5\sdk/vexv5\libv5rt.a(v5_apijump.c.obj)
                0x0384607c                vexDeviceEventMaskSet
 .text.vexDeviceEventMaskGet
                0x038460c4       0x3c C:\Program Files (x86)\VEX Robotics\VEXcode Pro V5\sdk/vexv5\libv5rt.a(v5_apijump.c.obj)
                0x038460c4                vexDeviceEventMaskGet
 .text.vexSystemVersion
                0x03846100       0x10 C:\Program Files (x86)\VEX Robotics\VEXcode Pro V5\sdk/vexv5\libv5rt.a(v5_apiversions.c.obj)
                0x03846100                vexSystemVersion
 .text.vexStdlibVersion
                0x03846110       0x10 C:\Program Files (x86)\VEX Robotics\VEXcode Pro V5\sdk/vexv5\libv5rt.a(v5_apiversions.c.obj)
                0x03846110                vexStdlibVersion
 .text._ZN3vex11this_thread9sleep_forEm
                0x03846120        0x4 C:\Program Files (x86)\VEX Robotics\VEXcode Pro V5\sdk/vexv5\libv5rt.a(vex_thread.cpp.obj)
                0x03846120                vex::this_thread::sleep_for(unsigned long)
 .text._ZN3vex5brain9_getIndexEv
                0x03846124       0x10 C:\Program Files (x86)\VEX Robotics\VEXcode Pro V5\sdk/vexv5\libv5rt.a(vex_brain.cpp.obj)
                0x03846124                vex::brain::_getIndex()
 .text._ZN3vex5brain3lcd9setCursorEll
                0x03846134       0x44 C:\Program Files (x86)\VEX Robotics\VEXcode Pro V5\sdk/vexv5\libv5rt.a(vex_brain.cpp.obj)
                0x03846134                vex::brain::lcd::setCursor(long, long)
 .text._ZN3vex5brain3lcd7setFontENS_8fontTypeE
                0x03846178      0x23c C:\Program Files (x86)\VEX Robotics\VEXcode Pro V5\sdk/vexv5\libv5rt.a(vex_brain.cpp.obj)
                0x03846178                vex::brain::lcd::setFont(vex::fontType)
 .text._ZN3vex5brain3lcdC2Ev
                0x038463b4       0x94 C:\Program Files (x86)\VEX Robotics\VEXcode Pro V5\sdk/vexv5\libv5rt.a(vex_brain.cpp.obj)
                0x038463b4                vex::brain::lcd::lcd()
                0x038463b4                vex::brain::lcd::lcd()
 .text._ZN3vex5brainC2Ev
                0x03846448       0x3c C:\Program Files (x86)\VEX Robotics\VEXcode Pro V5\sdk/vexv5\libv5rt.a(vex_brain.cpp.obj)
                0x03846448                vex::brain::brain()
                0x03846448                vex::brain::brain()
 .text._ZN3vex5brainD2Ev
                0x03846484       0x20 C:\Program Files (x86)\VEX Robotics\VEXcode Pro V5\sdk/vexv5\libv5rt.a(vex_brain.cpp.obj)
                0x03846484                vex::brain::~brain()
                0x03846484                vex::brain::~brain()
 .text._ZN3vex7triportD2Ev
                0x038464a4       0x38 C:\Program Files (x86)\VEX Robotics\VEXcode Pro V5\sdk/vexv5\libv5rt.a(vex_triport.cpp.obj)
                0x038464a4                vex::triport::~triport()
                0x038464a4                vex::triport::~triport()
 .text._ZN3vex7triportD0Ev
                0x038464dc       0x1c C:\Program Files (x86)\VEX Robotics\VEXcode Pro V5\sdk/vexv5\libv5rt.a(vex_triport.cpp.obj)
                0x038464dc                vex::triport::~triport()
 .text._ZN3vex7triport9installedEv
                0x038464f8       0x18 C:\Program Files (x86)\VEX Robotics\VEXcode Pro V5\sdk/vexv5\libv5rt.a(vex_triport.cpp.obj)
                0x038464f8                vex::triport::installed()
 .text._ZN3vex7triport4portC2ElPS0_
                0x03846510       0x74 C:\Program Files (x86)\VEX Robotics\VEXcode Pro V5\sdk/vexv5\libv5rt.a(vex_triport.cpp.obj)
                0x03846510                vex::triport::port::port(long, vex::triport*)
                0x03846510                vex::triport::port::port(long, vex::triport*)
 .text._ZN3vex7triportC2El
                0x03846584       0xf0 C:\Program Files (x86)\VEX Robotics\VEXcode Pro V5\sdk/vexv5\libv5rt.a(vex_triport.cpp.obj)
                0x03846584                vex::triport::triport(long)
                0x03846584                vex::triport::triport(long)
 .text._ZN3vex5colorD2Ev
                0x03846674        0x4 C:\Program Files (x86)\VEX Robotics\VEXcode Pro V5\sdk/vexv5\libv5rt.a(vex_color.cpp.obj)
                0x03846674                vex::color::~color()
                0x03846674                vex::color::~color()
 .text.startup._GLOBAL__sub_I__ZN3vex5color5blackE
                0x03846678      0x164 C:\Program Files (x86)\VEX Robotics\VEXcode Pro V5\sdk/vexv5\libv5rt.a(vex_color.cpp.obj)
 .text._ZN3vex5timerD2Ev
                0x038467dc        0x4 C:\Program Files (x86)\VEX Robotics\VEXcode Pro V5\sdk/vexv5\libv5rt.a(vex_timer.cpp.obj)
                0x038467dc                vex::timer::~timer()
                0x038467dc                vex::timer::~timer()
 .text._ZN3vex5timer5clearEv
                0x038467e0       0x1c C:\Program Files (x86)\VEX Robotics\VEXcode Pro V5\sdk/vexv5\libv5rt.a(vex_timer.cpp.obj)
                0x038467e0                vex::timer::clear()
 .text._ZN3vex5timerC2Ev
                0x038467fc       0x14 C:\Program Files (x86)\VEX Robotics\VEXcode Pro V5\sdk/vexv5\libv5rt.a(vex_timer.cpp.obj)
                0x038467fc                vex::timer::timer()
                0x038467fc                vex::timer::timer()
 .text.vexEventMaskSet
                0x03846810       0x28 C:\Program Files (x86)\VEX Robotics\VEXcode Pro V5\sdk/vexv5\libv5rt.a(v5_apiuser.c.obj)
                0x03846810                vexEventMaskSet
 .text.vexEventMaskGet
                0x03846838       0x18 C:\Program Files (x86)\VEX Robotics\VEXcode Pro V5\sdk/vexv5\libv5rt.a(v5_apiuser.c.obj)
                0x03846838                vexEventMaskGet
 .text._ZN3vex6deviceD2Ev
                0x03846850        0x4 C:\Program Files (x86)\VEX Robotics\VEXcode Pro V5\sdk/vexv5\libv5rt.a(vex_device.cpp.obj)
                0x03846850                vex::device::~device()
                0x03846850                vex::device::~device()
 .text._ZN3vex6device5valueEv
                0x03846854        0x8 C:\Program Files (x86)\VEX Robotics\VEXcode Pro V5\sdk/vexv5\libv5rt.a(vex_device.cpp.obj)
                0x03846854                vex::device::value()
 .text._ZN3vex6deviceD0Ev
                0x0384685c       0x14 C:\Program Files (x86)\VEX Robotics\VEXcode Pro V5\sdk/vexv5\libv5rt.a(vex_device.cpp.obj)
                0x0384685c                vex::device::~device()
 .text._ZN3vex6device4initEl
                0x03846870       0x30 C:\Program Files (x86)\VEX Robotics\VEXcode Pro V5\sdk/vexv5\libv5rt.a(vex_device.cpp.obj)
                0x03846870                vex::device::init(long)
 .text._ZN3vex6deviceC2El
                0x038468a0       0x20 C:\Program Files (x86)\VEX Robotics\VEXcode Pro V5\sdk/vexv5\libv5rt.a(vex_device.cpp.obj)
                0x038468a0                vex::device::device(long)
                0x038468a0                vex::device::device(long)
 .text._ZN3vex6device4typeEv
                0x038468c0       0x10 C:\Program Files (x86)\VEX Robotics\VEXcode Pro V5\sdk/vexv5\libv5rt.a(vex_device.cpp.obj)
                0x038468c0                vex::device::type()
 .text._ZN3vex6device9installedEv
                0x038468d0       0x14 C:\Program Files (x86)\VEX Robotics\VEXcode Pro V5\sdk/vexv5\libv5rt.a(vex_device.cpp.obj)
                0x038468d0                vex::device::installed()
 .text._ZN3vex5event4initEmmPFvvE
                0x038468e4        0x4 C:\Program Files (x86)\VEX Robotics\VEXcode Pro V5\sdk/vexv5\libv5rt.a(vex_event.cpp.obj)
                0x038468e4                vex::event::init(unsigned long, unsigned long, void (*)())
 .text._ZN3vex5event9userindexEv
                0x038468e8        0x4 C:\Program Files (x86)\VEX Robotics\VEXcode Pro V5\sdk/vexv5\libv5rt.a(vex_event.cpp.obj)
                0x038468e8                vex::event::userindex()
 .text._ZZN3vex6meventC4EmmENUlvE_4_FUNEv
                0x038468ec        0x4 C:\Program Files (x86)\VEX Robotics\VEXcode Pro V5\sdk/vexv5\libv5rt.a(vex_mevent.cpp.obj)
 .text._ZN3vex6meventC2Emm
                0x038468f0       0x70 C:\Program Files (x86)\VEX Robotics\VEXcode Pro V5\sdk/vexv5\libv5rt.a(vex_mevent.cpp.obj)
                0x038468f0                vex::mevent::mevent(unsigned long, unsigned long)
                0x038468f0                vex::mevent::mevent(unsigned long, unsigned long)
 .text.__aeabi_memclr
                0x03846960        0x8 C:\Program Files (x86)\VEX Robotics\VEXcode Pro V5\sdk/vexv5/gcc/libs\libc.a(lib_a-aeabi_memclr.o)
                0x03846960                __aeabi_memclr4
                0x03846960                __aeabi_memclr
                0x03846960                __aeabi_memclr8
 .text.__libc_fini_array
                0x03846968       0x30 C:\Program Files (x86)\VEX Robotics\VEXcode Pro V5\sdk/vexv5/gcc/libs\libc.a(lib_a-fini.o)
                0x03846968                __libc_fini_array
 .text.__libc_init_array
                0x03846998       0x58 C:\Program Files (x86)\VEX Robotics\VEXcode Pro V5\sdk/vexv5/gcc/libs\libc.a(lib_a-init.o)
                0x03846998                __libc_init_array
 .text.__libc_init_array.__stub
                0x038469f0       0x18 linker stubs
 *(.gnu.linkonce.t.*)
 *(.plt)
 *(.gnu_warning)
 *(.gcc_except_table)
 *(.glue_7)
 .glue_7        0x00000000        0x0 linker stubs
 *(.glue_7t)
 .glue_7t       0x00000000        0x0 linker stubs
 *(.vfp11_veneer)
 .vfp11_veneer  0x00000000        0x0 linker stubs
 *(.ARM.extab)
 *(.gnu.linkonce.armextab.*)

.v4_bx          0x03846a08        0x0
 .v4_bx         0x00000000        0x0 linker stubs

.iplt           0x03846a08        0x0
 .iplt          0x00000000        0x0 build/demo/demo.o

.init
 *(.init)

.fini
 *(.fini)

.rodata         0x03846a08     0x406c
                0x03846a08                __rodata_start = .
 *(.rodata)
 .rodata        0x03846a08       0x1c build/libv5lvgl.a(lv_obj.o)
                0x03846a08                lv_obj_class
 .rodata        0x03846a24     0x2cd1 build/libv5lvgl.a(lv_font_montserrat_12.o)
                0x03846a24                lv_font_montserrat_12
 *fill*         0x038496f5        0x3 
 .rodata        0x038496f8       0x28 build/libv5lvgl.a(lv_hal_disp.o)
 .rodata        0x03849720      0x2f8 build/libv5lvgl.a(lv_color.o)
 .rodata        0x03849a18       0xb6 build/libv5lvgl.a(lv_math.o)
 .rodata        0x03849ace       0x70 build/libv5lvgl.a(lv_style.o)
                0x03849ace                _lv_style_builtin_prop_flag_lookup_table
 *fill*         0x03849b3e        0x2 
 .rodata        0x03849b40       0x1c build/libv5lvgl.a(lv_label.o)